Microchip MPLAB XC8 Compiler V2.10 ()

Linker command line:

-W-3 --edf=C:\Program Files (x86)\Microchip\xc8\v2.10\pic\dat\en_msgs.txt \
  -cs -h+dist/default/production\calculator.X.production.sym \
  --cmf=dist/default/production\calculator.X.production.cmf -z -Q16F887 \
  -oC:\Users\ZILLUR~1\AppData\Local\Temp\sc7s.2 --defsym=__MPLAB_BUILD=1 \
  -Mdist/default/production/calculator.X.production.map -E1 -ver=XC8 \
  --acfsm=1493 -ASTACK=0110h-016Fh -pstack=STACK -ACODE=00h-07FFhx4 \
  -ASTRCODE=00h-01FFFh -ASTRING=00h-0FFhx32 -ACONST=00h-0FFhx32 \
  -AENTRY=00h-0FFhx32 -ACOMMON=070h-07Fh -ABANK0=020h-06Fh \
  -ABANK1=0A0h-0EFh -ABANK2=0110h-016Fh -ABANK3=0190h-01EFh \
  -ARAM=020h-06Fh,0A0h-0EFh,0110h-016Fh,0190h-01EFh \
  -AABS1=020h-07Fh,0A0h-0EFh,0110h-016Fh,0190h-01EFh -ASFR0=00h-01Fh \
  -ASFR1=080h-09Fh -ASFR2=0100h-010Fh -ASFR3=0180h-018Fh \
  -preset_vec=00h,intentry,init,end_init -ppowerup=CODE -pcinit=CODE \
  -pfunctab=ENTRY -ACONFIG=02007h-02008h -pconfig=CONFIG -DCONFIG=2 \
  -AIDLOC=02000h-02003h -pidloc=IDLOC -DIDLOC=2 -AEEDATA=00h-0FFh/02100h \
  -peeprom_data=EEDATA -DEEDATA=2 -DCODE=2 -DSTRCODE=2 -DSTRING=2 -DCONST=2 \
  -DENTRY=2 -k C:\Users\ZILLUR~1\AppData\Local\Temp\sc7s.o \
  dist/default/production\calculator.X.production.o 

Object code version is 3.11

Machine type is 16F887



                Name                               Link     Load   Length Selector   Space Scale
C:\Users\ZILLUR~1\AppData\Local\Temp\sc7s.o
                end_init                              0        0        3        0       0
dist/default/production\calculator.X.production.o
                cinit                               7E1      7E1       1F      FC2       0
                text15                              E23      E23      1DD     1C46       0
                text14                              A92      A92       25     1524       0
                text13                              CA8      CA8       BC     1950       0
                text12                              C41      C41       67     1882       0
                text11                              B28      B28       59     1650       0
                text10                              A7D      A7D       15     14FA       0
                text9                               B01      B01       27     1602       0
                text8                               480      480      361      900       0
                text7                                2E       2E       7C       5C       0
                text6                               AB7      AB7       25     156E       0
                text5                               ADC      ADC       25     15B8       0
                text4                               D64      D64       BF     1AC8       0
                text3                               B81      B81       5B     1702       0
                text2                               BDC      BDC       65     17B8       0
                text1                                AA       AA      1EB      154       0
                maintext                            295      295      1EB      52A       0
                cstackBANK0                          20       20       3A       20       1
                cstackCOMMON                         70       70        E       70       1
                inittext                            A6A      A6A       13     14D4       0
                dataBANK1                            A0       A0       27       A0       1
                dataBANK0                            5A       5A        C       20       1
                idataBANK1                            7        7       27        E       0
                idataBANK0                          A5E      A5E        C     14BC       0

TOTAL           Name                               Link     Load   Length     Space
        CLASS   STACK          

        CLASS   CODE           
                end_init                              0        0        3         0
                cinit                               7E1      7E1       1F         0
                text15                              E23      E23      1DD         0
                text14                              A92      A92       25         0
                text13                              CA8      CA8       BC         0
                text12                              C41      C41       67         0
                text11                              B28      B28       59         0
                text10                              A7D      A7D       15         0
                text9                               B01      B01       27         0
                text8                               480      480      361         0
                text7                                2E       2E       7C         0
                text6                               AB7      AB7       25         0
                text5                               ADC      ADC       25         0
                text4                               D64      D64       BF         0
                text3                               B81      B81       5B         0
                text2                               BDC      BDC       65         0
                text1                                AA       AA      1EB         0
                maintext                            295      295      1EB         0
                inittext                            A6A      A6A       13         0
                idataBANK1                            7        7       27         0
                idataBANK0                          A5E      A5E        C         0

        CLASS   STRCODE        

        CLASS   STRING         

        CLASS   CONST          

        CLASS   ENTRY          

        CLASS   COMMON         
                cstackCOMMON                         70       70        E         1

        CLASS   BANK0          
                cstackBANK0                          20       20       3A         1
                dataBANK0                            5A       5A        C         1

        CLASS   BANK1          
                dataBANK1                            A0       A0       27         1

        CLASS   BANK2          

        CLASS   BANK3          

        CLASS   RAM            

        CLASS   ABS1           
                abs_s1                               7E       7E        2         1

        CLASS   SFR0           

        CLASS   SFR1           

        CLASS   SFR2           

        CLASS   SFR3           

        CLASS   CONFIG         

        CLASS   IDLOC          

        CLASS   EEDATA         



SEGMENTS        Name                           Load    Length   Top    Selector   Space  Class     Delta

                reset_vec                      000000  000003  000003         0       0  CODE        2
                idataBANK1                     000007  000027  00002E         E       0  CODE        2
                cstackBANK0                    000020  000046  000066        20       1  BANK0       1
                text7                          00002E  00007C  0000AA        5C       0  CODE        2
                cstackCOMMON                   000070  00000E  00007E        70       1  COMMON      1
                dataBANK1                      0000A0  000027  0000C7        A0       1  BANK1       1
                text1                          0000AA  0001EB  000295       154       0  CODE        2
                maintext                       000295  0001EB  000480       52A       0  CODE        2
                text8                          000480  000361  0007E1       900       0  CODE        2
                cinit                          0007E1  00001F  000800       FC2       0  CODE        2
                idataBANK0                     000A5E  00000C  000A6A      14BC       0  CODE        2
                inittext                       000A6A  000013  000A7D      14D4       0  CODE        2
                text10                         000A7D  000015  000A92      14FA       0  CODE        2
                text14                         000A92  000025  000AB7      1524       0  CODE        2
                text6                          000AB7  000025  000ADC      156E       0  CODE        2
                text5                          000ADC  000025  000B01      15B8       0  CODE        2
                text9                          000B01  000027  000B28      1602       0  CODE        2
                text11                         000B28  000059  000B81      1650       0  CODE        2
                text3                          000B81  00005B  000BDC      1702       0  CODE        2
                text2                          000BDC  000065  000C41      17B8       0  CODE        2
                text12                         000C41  000067  000CA8      1882       0  CODE        2
                text13                         000CA8  0000BC  000D64      1950       0  CODE        2
                text4                          000D64  0000BF  000E23      1AC8       0  CODE        2
                text15                         000E23  0001DD  001000      1C46       0  CODE        2


UNUSED ADDRESS RANGES

        Name                Unused          Largest block    Delta
        BANK0            0066-006F              A           1
        BANK1            00C7-00EF             29           1
        BANK2            0110-016F             60           1
        BANK3            0190-01EF             60           1
        CODE             0003-0006              4           2
                         0800-0A5D            25E
                         1000-1FFF            800
        CONFIG           2007-2008              2           2
        CONST            0003-0006              4           2
                         0800-0A5D            100
                         1000-1FFF            100
        EEDATA           2100-21FF            100           2
        ENTRY            0003-0006              4           2
                         0800-0A5D            100
                         1000-1FFF            100
        IDLOC            2000-2003              4           2
        RAM              0066-006F              A           1
                         00C7-00EF             29
                         0110-016F             60
                         0190-01EF             60
        SFR0             0000-001F             20           1
        SFR1             0080-009F             20           1
        SFR2             0100-010F             10           1
        SFR3             0180-018F             10           1
        STACK            0110-016F             60           1
        STRCODE          0003-0006              4           2
                         0800-0A5D            25E
                         1000-1FFF           1000
        STRING           0003-0006              4           2
                         0800-0A5D            100
                         1000-1FFF            100

                                  Symbol Table

?__Umul8_16              cstackCOMMON 0070
?___awdiv                cstackCOMMON 0070
?___awmod                cstackCOMMON 0070
?___fldiv                cstackBANK0  0026
?___flmul                cstackBANK0  0020
?___fltol                cstackBANK0  0035
?___wmul                 cstackCOMMON 0070
?___xxtofl               cstackCOMMON 0076
?_get_num                cstackCOMMON 0070
_PORTB                   (abs)        0006
_PORTC                   (abs)        0007
_RC0                     (abs)        0038
_RC1                     (abs)        0039
_RC2                     (abs)        003A
_RC3                     (abs)        003B
_RC4                     (abs)        003C
_RC5                     (abs)        003D
_RC6                     (abs)        003E
_RC7                     (abs)        003F
_RD6                     (abs)        0046
_RD7                     (abs)        0047
_TRISB                   (abs)        0086
_TRISC                   (abs)        0087
_TRISD6                  (abs)        0446
_TRISD7                  (abs)        0447
__Habs1                  abs1         0000
__Hbank0                 bank0        0000
__Hbank1                 bank1        0000
__Hbank2                 bank2        0000
__Hbank3                 bank3        0000
__Hcinit                 cinit        0800
__Hclrtext               clrtext      0000
__Hcode                  code         0000
__Hcommon                common       0000
__Hconfig                config       0000
__HcstackBANK0           cstackBANK0  0000
__HcstackCOMMON          cstackCOMMON 0000
__HdataBANK0             dataBANK0    0000
__HdataBANK1             dataBANK1    0000
__Heeprom_data           eeprom_data  0000
__Hend_init              end_init     0003
__Hfunctab               functab      0000
__HidataBANK0            idataBANK0   0000
__HidataBANK1            idataBANK1   0000
__Hidloc                 idloc        0000
__Hinit                  init         0000
__Hinittext              inittext     0000
__Hintentry              intentry     0000
__Hmaintext              maintext     0000
__Hpowerup               powerup      0000
__Hram                   ram          0000
__Hreset_vec             reset_vec    0000
__Hsfr0                  sfr0         0000
__Hsfr1                  sfr1         0000
__Hsfr2                  sfr2         0000
__Hsfr3                  sfr3         0000
__Hspace_0               (abs)        1000
__Hspace_1               (abs)        00C7
__Hspace_2               (abs)        0000
__Hspace_3               (abs)        0000
__Hstack                 stack        0000
__Hstrings               strings      0000
__Htext                  text         0000
__Labs1                  abs1         0000
__Lbank0                 bank0        0000
__Lbank1                 bank1        0000
__Lbank2                 bank2        0000
__Lbank3                 bank3        0000
__Lcinit                 cinit        07E1
__Lclrtext               clrtext      0000
__Lcode                  code         0000
__Lcommon                common       0000
__Lconfig                config       0000
__LcstackBANK0           cstackBANK0  0000
__LcstackCOMMON          cstackCOMMON 0000
__LdataBANK0             dataBANK0    0000
__LdataBANK1             dataBANK1    0000
__Leeprom_data           eeprom_data  0000
__Lend_init              end_init     0000
__Lfunctab               functab      0000
__LidataBANK0            idataBANK0   0000
__LidataBANK1            idataBANK1   0000
__Lidloc                 idloc        0000
__Linit                  init         0000
__Linittext              inittext     0000
__Lintentry              intentry     0000
__Lmaintext              maintext     0000
__Lpowerup               powerup      0000
__Lram                   ram          0000
__Lreset_vec             reset_vec    0000
__Lsfr0                  sfr0         0000
__Lsfr1                  sfr1         0000
__Lsfr2                  sfr2         0000
__Lsfr3                  sfr3         0000
__Lspace_0               (abs)        0000
__Lspace_1               (abs)        0000
__Lspace_2               (abs)        0000
__Lspace_3               (abs)        0000
__Lstack                 stack        0000
__Lstrings               strings      0000
__Ltext                  text         0000
__S0                     (abs)        1000
__S1                     (abs)        00C7
__S2                     (abs)        0000
__S3                     (abs)        0000
__Umul8_16               text9        0B01
__Umul8_16@multiplicand  cstackCOMMON 0070
__Umul8_16@multiplier    cstackCOMMON 0078
__Umul8_16@product       cstackCOMMON 0074
__Umul8_16@word_mpld     cstackCOMMON 0076
___awdiv                 text12       0C41
___awdiv@counter         cstackCOMMON 0075
___awdiv@dividend        cstackCOMMON 0072
___awdiv@divisor         cstackCOMMON 0070
___awdiv@quotient        cstackCOMMON 0077
___awdiv@sign            cstackCOMMON 0076
___awmod                 text11       0B28
___awmod@counter         cstackCOMMON 0075
___awmod@dividend        cstackCOMMON 0072
___awmod@divisor         cstackCOMMON 0070
___awmod@sign            cstackCOMMON 0076
___bmul                  text10       0A7D
___bmul@multiplicand     cstackCOMMON 0070
___bmul@multiplier       cstackCOMMON 0073
___bmul@product          cstackCOMMON 0072
___fldiv                 text15       0E23
___fldiv@a               cstackBANK0  0026
___fldiv@aexp            cstackBANK0  003F
___fldiv@b               cstackBANK0  002A
___fldiv@bexp            cstackBANK0  003E
___fldiv@grs             cstackBANK0  003A
___fldiv@new_exp         cstackBANK0  0038
___fldiv@rem             cstackBANK0  0033
___fldiv@sign            cstackBANK0  0037
___flmul                 text8        0480
___flmul@a               cstackBANK0  0024
___flmul@aexp            cstackBANK0  002D
___flmul@b               cstackBANK0  0020
___flmul@bexp            cstackBANK0  002E
___flmul@grs             cstackBANK0  0029
___flmul@prod            cstackBANK0  002F
___flmul@sign            cstackBANK0  0028
___flmul@temp            cstackBANK0  0033
___fltol                 text7        002E
___fltol@exp1            cstackBANK0  003F
___fltol@f1              cstackBANK0  0035
___fltol@sign1           cstackBANK0  003E
___int_sp                stack        0000
___latbits               (abs)        0002
___sp                    stack        0000
___stackhi               (abs)        0000
___stacklo               (abs)        0000
___wmul                  text14       0A92
___wmul@multiplicand     cstackCOMMON 0072
___wmul@multiplier       cstackCOMMON 0070
___wmul@product          cstackCOMMON 0074
___xxtofl                text13       0CA8
___xxtofl@arg            cstackBANK0  0022
___xxtofl@exp            cstackBANK0  0021
___xxtofl@sign           cstackBANK0  0020
___xxtofl@val            cstackCOMMON 0076
__end_of__Umul8_16       text9        0B28
__end_of___awdiv         text12       0CA8
__end_of___awmod         text11       0B81
__end_of___bmul          text10       0A92
__end_of___fldiv         text15       1000
__end_of___flmul         text8        07E1
__end_of___fltol         text7        00AA
__end_of___wmul          text14       0AB7
__end_of___xxtofl        text13       0D64
__end_of__initialization cinit        07FC
__end_of_disp_num        text4        0E23
__end_of_get_num         text3        0BDC
__end_of_lcdcmd          text6        0ADC
__end_of_lcddata         text5        0B01
__end_of_lcdinit         text2        0C41
__end_of_main            maintext     0480
__end_of_scan_key        text1        0295
__initialization         cinit        07E1
__pcstackBANK0           cstackBANK0  0020
__pcstackCOMMON          cstackCOMMON 0070
__pdataBANK0             dataBANK0    005A
__pdataBANK1             dataBANK1    00A0
__pidataBANK0            idataBANK0   0A5E
__pidataBANK1            idataBANK1   0007
__pmaintext              maintext     0295
__ptext1                 text1        00AA
__ptext10                text10       0A7D
__ptext11                text11       0B28
__ptext12                text12       0C41
__ptext13                text13       0CA8
__ptext14                text14       0A92
__ptext15                text15       0E23
__ptext2                 text2        0BDC
__ptext3                 text3        0B81
__ptext4                 text4        0D64
__ptext5                 text5        0ADC
__ptext6                 text6        0AB7
__ptext7                 text7        002E
__ptext8                 text8        0480
__ptext9                 text9        0B01
__size_of__Umul8_16      (abs)        0000
__size_of___awdiv        (abs)        0000
__size_of___awmod        (abs)        0000
__size_of___bmul         (abs)        0000
__size_of___fldiv        (abs)        0000
__size_of___flmul        (abs)        0000
__size_of___fltol        (abs)        0000
__size_of___wmul         (abs)        0000
__size_of___xxtofl       (abs)        0000
__size_of_disp_num       (abs)        0000
__size_of_get_num        (abs)        0000
__size_of_lcdcmd         (abs)        0000
__size_of_lcddata        (abs)        0000
__size_of_lcdinit        (abs)        0000
__size_of_main           (abs)        0000
__size_of_scan_key       (abs)        0000
_disp_num                text4        0D64
_get_num                 text3        0B81
_lcdcmd                  text6        0AB7
_lcddata                 text5        0ADC
_lcdinit                 text2        0BDC
_main                    maintext     0295
_s                       dataBANK1    00BA
_s1                      dataBANK1    00AD
_s2                      dataBANK0    005A
_s3                      dataBANK1    00A0
_scan_key                text1        00AA
btemp                    (abs)        007E
disp_num@TenthDigit      cstackBANK0  004B
disp_num@UnitDigit       cstackBANK0  0049
disp_num@decimal         cstackBANK0  004A
disp_num@j               cstackBANK0  0047
disp_num@num             cstackBANK0  0040
disp_num@numb            cstackBANK0  004C
end_of_initialization    cinit        07FC
get_num@ch               cstackCOMMON 0074
init_fetch0              inittext     0A6A
init_ram0                inittext     0A6E
intlevel0                functab      0000
intlevel1                functab      0000
intlevel2                functab      0000
intlevel3                functab      0000
intlevel4                functab      0000
intlevel5                functab      0000
lcdcmd@value             cstackCOMMON 0073
lcddata@value            cstackCOMMON 0073
main@count               cstackBANK0  0058
main@k1                  cstackBANK0  0056
main@k2                  cstackBANK0  0054
main@ke                  cstackBANK0  0051
main@key                 cstackBANK0  0052
main@key1                cstackBANK0  0053
reset_vec                reset_vec    0000
scan_key@c               cstackCOMMON 0078
scan_key@d               cstackCOMMON 0077
start                    init         0000
start_initialization     cinit        07E1
wtemp0                   (abs)        007E


FUNCTION INFORMATION:

 *************** function _main *****************
 Defined at:
		line 39 in file "calc.c"
 Parameters:    Size  Location     Type
		None
 Auto vars:     Size  Location     Type
  count           2   56[BANK0 ] unsigned int 
  k1              2   54[BANK0 ] int 
  k2              2   52[BANK0 ] int 
  key1            1   51[BANK0 ] unsigned char 
  key             1   50[BANK0 ] unsigned char 
  ke              1   49[BANK0 ] unsigned char 
 Return value:  Size  Location     Type
                  1    wreg      void 
 Registers used:
		wreg, fsr0l, fsr0h, status,2, status,0, btemp+1, pclath, cstack
 Tracked objects:
		On entry : 
		On exit  : 
		Unchanged: 
 Data sizes:     COMMON   BANK0   BANK1   BANK3   BANK2
      Params:         0       0       0       0       0
      Locals:         0       9       0       0       0
      Temps:          0       3       0       0       0
      Totals:         0      12       0       0       0
Total ram usage:       12 bytes
 Hardware stack levels required when called:    3
 This function calls:
		___fldiv
		___wmul
		___xxtofl
		_disp_num
		_get_num
		_lcdcmd
		_lcddata
		_lcdinit
		_scan_key
 This function is called by:
		Startup code after reset
 This function uses a non-reentrant model


 *************** function _scan_key *****************
 Defined at:
		line 142 in file "calc.c"
 Parameters:    Size  Location     Type
		None
 Auto vars:     Size  Location     Type
  c               1    8[COMMON] unsigned char 
  d               1    7[COMMON] unsigned char 
 Return value:  Size  Location     Type
                  1    wreg      unsigned char 
 Registers used:
		wreg, status,2, status,0, pclath, cstack
 Tracked objects:
		On entry : 
		On exit  : 
		Unchanged: 
 Data sizes:     COMMON   BANK0   BANK1   BANK3   BANK2
      Params:         0       0       0       0       0
      Locals:         2       0       0       0       0
      Temps:          3       0       0       0       0
      Totals:         5       0       0       0       0
Total ram usage:        5 bytes
 Hardware stack levels used:    1
 Hardware stack levels required when called:    1
 This function calls:
		_lcddata
 This function is called by:
		_main
 This function uses a non-reentrant model


 *************** function _lcdinit *****************
 Defined at:
		line 29 in file "calc.c"
 Parameters:    Size  Location     Type
		None
 Auto vars:     Size  Location     Type
		None
 Return value:  Size  Location     Type
                  1    wreg      void 
 Registers used:
		wreg, status,2, status,0, pclath, cstack
 Tracked objects:
		On entry : 
		On exit  : 
		Unchanged: 
 Data sizes:     COMMON   BANK0   BANK1   BANK3   BANK2
      Params:         0       0       0       0       0
      Locals:         0       0       0       0       0
      Temps:          3       0       0       0       0
      Totals:         3       0       0       0       0
Total ram usage:        3 bytes
 Hardware stack levels used:    1
 Hardware stack levels required when called:    1
 This function calls:
		_lcdcmd
 This function is called by:
		_main
 This function uses a non-reentrant model


 *************** function _get_num *****************
 Defined at:
		line 176 in file "calc.c"
 Parameters:    Size  Location     Type
  ch              1    wreg     unsigned char 
 Auto vars:     Size  Location     Type
  ch              1    4[COMMON] unsigned char 
 Return value:  Size  Location     Type
                  2    0[COMMON] int 
 Registers used:
		wreg, fsr0l, fsr0h, status,2, status,0
 Tracked objects:
		On entry : 
		On exit  : 
		Unchanged: 
 Data sizes:     COMMON   BANK0   BANK1   BANK3   BANK2
      Params:         2       0       0       0       0
      Locals:         1       0       0       0       0
      Temps:          2       0       0       0       0
      Totals:         5       0       0       0       0
Total ram usage:        5 bytes
 Hardware stack levels used:    1
 This function calls:
		Nothing
 This function is called by:
		_main
 This function uses a non-reentrant model


 *************** function _disp_num *****************
 Defined at:
		line 194 in file "calc.c"
 Parameters:    Size  Location     Type
  num             4   32[BANK0 ] float 
 Auto vars:     Size  Location     Type
  numb            2   44[BANK0 ] int 
  j               2   39[BANK0 ] int 
  TenthDigit      1   43[BANK0 ] unsigned char 
  decimal         1   42[BANK0 ] unsigned char 
  UnitDigit       1   41[BANK0 ] unsigned char 
 Return value:  Size  Location     Type
                  1    wreg      void 
 Registers used:
		wreg, status,2, status,0, btemp+1, pclath, cstack
 Tracked objects:
		On entry : 
		On exit  : 
		Unchanged: 
 Data sizes:     COMMON   BANK0   BANK1   BANK3   BANK2
      Params:         0       4       0       0       0
      Locals:         0       7       0       0       0
      Temps:          0       3       0       0       0
      Totals:         0      14       0       0       0
Total ram usage:       14 bytes
 Hardware stack levels used:    1
 Hardware stack levels required when called:    2
 This function calls:
		___awdiv
		___awmod
		___bmul
		___flmul
		___fltol
		_lcdcmd
		_lcddata
 This function is called by:
		_main
 This function uses a non-reentrant model


 *************** function _lcddata *****************
 Defined at:
		line 130 in file "calc.c"
 Parameters:    Size  Location     Type
  value           1    wreg     unsigned char 
 Auto vars:     Size  Location     Type
  value           1    3[COMMON] unsigned char 
 Return value:  Size  Location     Type
                  1    wreg      void 
 Registers used:
		wreg
 Tracked objects:
		On entry : 
		On exit  : 
		Unchanged: 
 Data sizes:     COMMON   BANK0   BANK1   BANK3   BANK2
      Params:         0       0       0       0       0
      Locals:         1       0       0       0       0
      Temps:          3       0       0       0       0
      Totals:         4       0       0       0       0
Total ram usage:        4 bytes
 Hardware stack levels used:    1
 This function calls:
		Nothing
 This function is called by:
		_main
		_scan_key
		_disp_num
 This function uses a non-reentrant model


 *************** function _lcdcmd *****************
 Defined at:
		line 121 in file "calc.c"
 Parameters:    Size  Location     Type
  value           1    wreg     unsigned char 
 Auto vars:     Size  Location     Type
  value           1    3[COMMON] unsigned char 
 Return value:  Size  Location     Type
                  1    wreg      void 
 Registers used:
		wreg
 Tracked objects:
		On entry : 
		On exit  : 
		Unchanged: 
 Data sizes:     COMMON   BANK0   BANK1   BANK3   BANK2
      Params:         0       0       0       0       0
      Locals:         1       0       0       0       0
      Temps:          3       0       0       0       0
      Totals:         4       0       0       0       0
Total ram usage:        4 bytes
 Hardware stack levels used:    1
 This function calls:
		Nothing
 This function is called by:
		_lcdinit
		_main
		_disp_num
 This function uses a non-reentrant model


 *************** function ___fltol *****************
 Defined at:
		line 43 in file "C:\Program Files (x86)\Microchip\xc8\v2.10\pic\sources\c90\common\fltol.c"
 Parameters:    Size  Location     Type
  f1              4   21[BANK0 ] void 
 Auto vars:     Size  Location     Type
  exp1            1   31[BANK0 ] unsigned char 
  sign1           1   30[BANK0 ] unsigned char 
 Return value:  Size  Location     Type
                  4   21[BANK0 ] long 
 Registers used:
		wreg, status,2, status,0
 Tracked objects:
		On entry : 
		On exit  : 
		Unchanged: 
 Data sizes:     COMMON   BANK0   BANK1   BANK3   BANK2
      Params:         0       4       0       0       0
      Locals:         0       2       0       0       0
      Temps:          0       5       0       0       0
      Totals:         0      11       0       0       0
Total ram usage:       11 bytes
 Hardware stack levels used:    1
 This function calls:
		Nothing
 This function is called by:
		_disp_num
 This function uses a non-reentrant model


 *************** function ___flmul *****************
 Defined at:
		line 8 in file "C:\Program Files (x86)\Microchip\xc8\v2.10\pic\sources\c90\common\sprcmul.c"
 Parameters:    Size  Location     Type
  b               4    0[BANK0 ] long 
  a               4    4[BANK0 ] long 
 Auto vars:     Size  Location     Type
  prod            4   15[BANK0 ] struct .
  grs             4    9[BANK0 ] unsigned long 
  temp            2   19[BANK0 ] struct .
  bexp            1   14[BANK0 ] unsigned char 
  aexp            1   13[BANK0 ] unsigned char 
  sign            1    8[BANK0 ] unsigned char 
 Return value:  Size  Location     Type
                  4    0[BANK0 ] unsigned char 
 Registers used:
		wreg, status,2, status,0, btemp+1, pclath, cstack
 Tracked objects:
		On entry : 
		On exit  : 
		Unchanged: 
 Data sizes:     COMMON   BANK0   BANK1   BANK3   BANK2
      Params:         0       8       0       0       0
      Locals:         0      13       0       0       0
      Temps:          5       0       0       0       0
      Totals:         5      21       0       0       0
Total ram usage:       26 bytes
 Hardware stack levels used:    1
 Hardware stack levels required when called:    1
 This function calls:
		__Umul8_16
 This function is called by:
		_disp_num
 This function uses a non-reentrant model


 *************** function __Umul8_16 *****************
 Defined at:
		line 4 in file "C:\Program Files (x86)\Microchip\xc8\v2.10\pic\sources\c90\common\Umul8_16.c"
 Parameters:    Size  Location     Type
  multiplier      1    wreg     unsigned char 
  multiplicand    1    0[COMMON] unsigned char 
 Auto vars:     Size  Location     Type
  multiplier      1    8[COMMON] unsigned char 
  word_mpld       2    6[COMMON] unsigned int 
  product         2    4[COMMON] unsigned int 
 Return value:  Size  Location     Type
                  2    0[COMMON] unsigned int 
 Registers used:
		wreg, status,2, status,0
 Tracked objects:
		On entry : 
		On exit  : 
		Unchanged: 
 Data sizes:     COMMON   BANK0   BANK1   BANK3   BANK2
      Params:         2       0       0       0       0
      Locals:         5       0       0       0       0
      Temps:          2       0       0       0       0
      Totals:         9       0       0       0       0
Total ram usage:        9 bytes
 Hardware stack levels used:    1
 This function calls:
		Nothing
 This function is called by:
		___flmul
 This function uses a non-reentrant model


 *************** function ___bmul *****************
 Defined at:
		line 4 in file "C:\Program Files (x86)\Microchip\xc8\v2.10\pic\sources\c90\common\Umul8.c"
 Parameters:    Size  Location     Type
  multiplier      1    wreg     unsigned char 
  multiplicand    1    0[COMMON] unsigned char 
 Auto vars:     Size  Location     Type
  multiplier      1    3[COMMON] unsigned char 
  product         1    2[COMMON] unsigned char 
 Return value:  Size  Location     Type
                  1    wreg      unsigned char 
 Registers used:
		wreg, status,2, status,0
 Tracked objects:
		On entry : 
		On exit  : 
		Unchanged: 
 Data sizes:     COMMON   BANK0   BANK1   BANK3   BANK2
      Params:         1       0       0       0       0
      Locals:         2       0       0       0       0
      Temps:          1       0       0       0       0
      Totals:         4       0       0       0       0
Total ram usage:        4 bytes
 Hardware stack levels used:    1
 This function calls:
		Nothing
 This function is called by:
		_disp_num
 This function uses a non-reentrant model


 *************** function ___awmod *****************
 Defined at:
		line 5 in file "C:\Program Files (x86)\Microchip\xc8\v2.10\pic\sources\c90\common\awmod.c"
 Parameters:    Size  Location     Type
  divisor         2    0[COMMON] int 
  dividend        2    2[COMMON] int 
 Auto vars:     Size  Location     Type
  sign            1    6[COMMON] unsigned char 
  counter         1    5[COMMON] unsigned char 
 Return value:  Size  Location     Type
                  2    0[COMMON] int 
 Registers used:
		wreg, status,2, status,0
 Tracked objects:
		On entry : 
		On exit  : 
		Unchanged: 
 Data sizes:     COMMON   BANK0   BANK1   BANK3   BANK2
      Params:         4       0       0       0       0
      Locals:         2       0       0       0       0
      Temps:          1       0       0       0       0
      Totals:         7       0       0       0       0
Total ram usage:        7 bytes
 Hardware stack levels used:    1
 This function calls:
		Nothing
 This function is called by:
		_disp_num
 This function uses a non-reentrant model


 *************** function ___awdiv *****************
 Defined at:
		line 5 in file "C:\Program Files (x86)\Microchip\xc8\v2.10\pic\sources\c90\common\awdiv.c"
 Parameters:    Size  Location     Type
  divisor         2    0[COMMON] int 
  dividend        2    2[COMMON] int 
 Auto vars:     Size  Location     Type
  quotient        2    7[COMMON] int 
  sign            1    6[COMMON] unsigned char 
  counter         1    5[COMMON] unsigned char 
 Return value:  Size  Location     Type
                  2    0[COMMON] int 
 Registers used:
		wreg, status,2, status,0
 Tracked objects:
		On entry : 
		On exit  : 
		Unchanged: 
 Data sizes:     COMMON   BANK0   BANK1   BANK3   BANK2
      Params:         4       0       0       0       0
      Locals:         4       0       0       0       0
      Temps:          1       0       0       0       0
      Totals:         9       0       0       0       0
Total ram usage:        9 bytes
 Hardware stack levels used:    1
 This function calls:
		Nothing
 This function is called by:
		_disp_num
 This function uses a non-reentrant model


 *************** function ___xxtofl *****************
 Defined at:
		line 10 in file "C:\Program Files (x86)\Microchip\xc8\v2.10\pic\sources\c90\common\xxtofl.c"
 Parameters:    Size  Location     Type
  sign            1    wreg     unsigned char 
  val             4    6[COMMON] long 
 Auto vars:     Size  Location     Type
  sign            1    0[BANK0 ] unsigned char 
  arg             4    2[BANK0 ] unsigned long 
  exp             1    1[BANK0 ] unsigned char 
 Return value:  Size  Location     Type
                  4    6[COMMON] unsigned char 
 Registers used:
		wreg, status,2, status,0
 Tracked objects:
		On entry : 
		On exit  : 
		Unchanged: 
 Data sizes:     COMMON   BANK0   BANK1   BANK3   BANK2
      Params:         4       0       0       0       0
      Locals:         0       6       0       0       0
      Temps:          4       0       0       0       0
      Totals:         8       6       0       0       0
Total ram usage:       14 bytes
 Hardware stack levels used:    1
 This function calls:
		Nothing
 This function is called by:
		_main
 This function uses a non-reentrant model


 *************** function ___wmul *****************
 Defined at:
		line 15 in file "C:\Program Files (x86)\Microchip\xc8\v2.10\pic\sources\c90\common\Umul16.c"
 Parameters:    Size  Location     Type
  multiplier      2    0[COMMON] unsigned int 
  multiplicand    2    2[COMMON] unsigned int 
 Auto vars:     Size  Location     Type
  product         2    4[COMMON] unsigned int 
 Return value:  Size  Location     Type
                  2    0[COMMON] unsigned int 
 Registers used:
		wreg, status,2, status,0
 Tracked objects:
		On entry : 
		On exit  : 
		Unchanged: 
 Data sizes:     COMMON   BANK0   BANK1   BANK3   BANK2
      Params:         4       0       0       0       0
      Locals:         2       0       0       0       0
      Temps:          0       0       0       0       0
      Totals:         6       0       0       0       0
Total ram usage:        6 bytes
 Hardware stack levels used:    1
 This function calls:
		Nothing
 This function is called by:
		_main
 This function uses a non-reentrant model


 *************** function ___fldiv *****************
 Defined at:
		line 8 in file "C:\Program Files (x86)\Microchip\xc8\v2.10\pic\sources\c90\common\sprcdiv.c"
 Parameters:    Size  Location     Type
  a               4    6[BANK0 ] unsigned int 
  b               4   10[BANK0 ] unsigned int 
 Auto vars:     Size  Location     Type
  grs             4   26[BANK0 ] unsigned long 
  rem             4   19[BANK0 ] unsigned long 
  new_exp         2   24[BANK0 ] int 
  aexp            1   31[BANK0 ] unsigned char 
  bexp            1   30[BANK0 ] unsigned char 
  sign            1   23[BANK0 ] unsigned char 
 Return value:  Size  Location     Type
                  4    6[BANK0 ] unsigned char 
 Registers used:
		wreg, status,2, status,0, btemp+1
 Tracked objects:
		On entry : 
		On exit  : 
		Unchanged: 
 Data sizes:     COMMON   BANK0   BANK1   BANK3   BANK2
      Params:         0       8       0       0       0
      Locals:         0      13       0       0       0
      Temps:          0       5       0       0       0
      Totals:         0      26       0       0       0
Total ram usage:       26 bytes
 Hardware stack levels used:    1
 This function calls:
		Nothing
 This function is called by:
		_main
 This function uses a non-reentrant model



MODULE INFORMATION

Module		Function		Class		Link	Load	Size
calc.c
		_main          		CODE           	0295	0000	492
		_lcdcmd        		CODE           	0AB7	0000	38
		_lcdinit       		CODE           	0BDC	0000	102
		_lcddata       		CODE           	0ADC	0000	38
		_disp_num      		CODE           	0D64	0000	192
		_get_num       		CODE           	0B81	0000	92
		_scan_key      		CODE           	00AA	0000	492

calc.c estimated size: 1446

C:\Program Files (x86)\Microchip\xc8\v2.10\pic\sources\c90\common\awdiv.c
		___awdiv       		CODE           	0C41	0000	104

C:\Program Files (x86)\Microchip\xc8\v2.10\pic\sources\c90\common\awdiv.c estimated size: 104

C:\Program Files (x86)\Microchip\xc8\v2.10\pic\sources\c90\common\fltol.c
		___fltol       		CODE           	002E	0000	125

C:\Program Files (x86)\Microchip\xc8\v2.10\pic\sources\c90\common\fltol.c estimated size: 125

C:\Program Files (x86)\Microchip\xc8\v2.10\pic\sources\c90\common\Umul16.c
		___wmul        		CODE           	0A92	0000	38

C:\Program Files (x86)\Microchip\xc8\v2.10\pic\sources\c90\common\Umul16.c estimated size: 38

C:\Program Files (x86)\Microchip\xc8\v2.10\pic\sources\c90\common\Umul8.c
		___bmul        		CODE           	0A7D	0000	22

C:\Program Files (x86)\Microchip\xc8\v2.10\pic\sources\c90\common\Umul8.c estimated size: 22

C:\Program Files (x86)\Microchip\xc8\v2.10\pic\sources\c90\common\sprcmul.c
		___flmul       		CODE           	0480	0000	866

C:\Program Files (x86)\Microchip\xc8\v2.10\pic\sources\c90\common\sprcmul.c estimated size: 866

C:\Program Files (x86)\Microchip\xc8\v2.10\pic\sources\c90\common\Umul8_16.c
		__Umul8_16     		CODE           	0B01	0000	40

C:\Program Files (x86)\Microchip\xc8\v2.10\pic\sources\c90\common\Umul8_16.c estimated size: 40

C:\Program Files (x86)\Microchip\xc8\v2.10\pic\sources\c90\common\sprcdiv.c
		___fldiv       		CODE           	0E23	0000	478

C:\Program Files (x86)\Microchip\xc8\v2.10\pic\sources\c90\common\sprcdiv.c estimated size: 478

C:\Program Files (x86)\Microchip\xc8\v2.10\pic\sources\c90\common\xxtofl.c
		___xxtofl      		CODE           	0CA8	0000	189

C:\Program Files (x86)\Microchip\xc8\v2.10\pic\sources\c90\common\xxtofl.c estimated size: 189

shared
		__initialization		CODE           	07E1	0000	28

shared estimated size: 28

C:\Program Files (x86)\Microchip\xc8\v2.10\pic\sources\c90\common\awmod.c
		___awmod       		CODE           	0B28	0000	90

C:\Program Files (x86)\Microchip\xc8\v2.10\pic\sources\c90\common\awmod.c estimated size: 90

